// Jest Snapshot v1, https://goo.gl/fbAQLP

exports[` 1`] = `
<div>
  <h2>
    Blogs
  </h2>
  <div
    className="blogOnList"
  >
    <div>
      <div
        className="togglableContent"
        style={
          Object {
            "display": "",
          }
        }
      >
        Testing Blog Script
         
        <button
          onClick={[Function]}
        >
           
          view
           
        </button>
      </div>
      <div
        className="visibleTogglable"
        style={
          Object {
            "display": "none",
          }
        }
      >
        Testing Blog Script
         
        <button
          onClick={[Function]}
        >
           
          hide
           
        </button>
        <div>
          URL: 
          www.bbc.com
        </div>
        <div>
          Likes: 
          30
          <button
            onClick={[Function]}
          >
            like
          </button>
        </div>
        <div>
          Author: 
          Jest
        </div>
        <button
          onClick={[Function]}
        >
          Delete
        </button>
      </div>
    </div>
  </div>
</div>
`;
